
> react-typescript-starter@0.1.0 test
> react-scripts test "--coverage"

FAIL src/components/infoPage.test.tsx
  ● Console

    console.error
      Error: Not implemented: window.alert
          at module.exports (/home/runner/work/cis-scheduler-team-19/cis-scheduler-team-19/node_modules/jsdom/lib/jsdom/browser/not-implemented.js:9:17)
          at alert (/home/runner/work/cis-scheduler-team-19/cis-scheduler-team-19/node_modules/jsdom/lib/jsdom/browser/Window.js:866:7)
          at startEditing (/home/runner/work/cis-scheduler-team-19/cis-scheduler-team-19/src/components/infoPage.tsx:83:13)
          at HTMLUnknownElement.callCallback (/home/runner/work/cis-scheduler-team-19/cis-scheduler-team-19/node_modules/react-dom/cjs/react-dom.development.js:3945:14)
          at HTMLUnknownElement.callTheUserObjectsOperation (/home/runner/work/cis-scheduler-team-19/cis-scheduler-team-19/node_modules/jsdom/lib/jsdom/living/generated/EventListener.js:26:30)
          at innerInvokeEventListeners (/home/runner/work/cis-scheduler-team-19/cis-scheduler-team-19/node_modules/jsdom/lib/jsdom/living/events/EventTarget-impl.js:338:25)
          at invokeEventListeners (/home/runner/work/cis-scheduler-team-19/cis-scheduler-team-19/node_modules/jsdom/lib/jsdom/living/events/EventTarget-impl.js:274:3)
          at HTMLUnknownElementImpl._dispatch (/home/runner/work/cis-scheduler-team-19/cis-scheduler-team-19/node_modules/jsdom/lib/jsdom/living/events/EventTarget-impl.js:221:9)
          at HTMLUnknownElementImpl.dispatchEvent (/home/runner/work/cis-scheduler-team-19/cis-scheduler-team-19/node_modules/jsdom/lib/jsdom/living/events/EventTarget-impl.js:94:17)
          at HTMLUnknownElement.dispatchEvent (/home/runner/work/cis-scheduler-team-19/cis-scheduler-team-19/node_modules/jsdom/lib/jsdom/living/generated/EventTarget.js:231:34) undefined

      81 |     function startEditing() {
      82 |         if (name == "") {
    > 83 |             alert("Please enter your name");
         |             ^
      84 |         }
      85 |         if (year == "Choose your Academic Year") {
      86 |             alert("Please choose your Academic Year");

      at VirtualConsole.<anonymous> (node_modules/jsdom/lib/jsdom/virtual-console.js:29:45)
      at module.exports (node_modules/jsdom/lib/jsdom/browser/not-implemented.js:12:26)
      at alert (node_modules/jsdom/lib/jsdom/browser/Window.js:866:7)
      at startEditing (src/components/infoPage.tsx:83:13)
      at HTMLUnknownElement.callCallback (node_modules/react-dom/cjs/react-dom.development.js:3945:14)
      at HTMLUnknownElement.callTheUserObjectsOperation (node_modules/jsdom/lib/jsdom/living/generated/EventListener.js:26:30)
      at innerInvokeEventListeners (node_modules/jsdom/lib/jsdom/living/events/EventTarget-impl.js:338:25)

    console.error
      Error: Not implemented: window.alert
          at module.exports (/home/runner/work/cis-scheduler-team-19/cis-scheduler-team-19/node_modules/jsdom/lib/jsdom/browser/not-implemented.js:9:17)
          at alert (/home/runner/work/cis-scheduler-team-19/cis-scheduler-team-19/node_modules/jsdom/lib/jsdom/browser/Window.js:866:7)
          at startEditing (/home/runner/work/cis-scheduler-team-19/cis-scheduler-team-19/src/components/infoPage.tsx:86:13)
          at HTMLUnknownElement.callCallback (/home/runner/work/cis-scheduler-team-19/cis-scheduler-team-19/node_modules/react-dom/cjs/react-dom.development.js:3945:14)
          at HTMLUnknownElement.callTheUserObjectsOperation (/home/runner/work/cis-scheduler-team-19/cis-scheduler-team-19/node_modules/jsdom/lib/jsdom/living/generated/EventListener.js:26:30)
          at innerInvokeEventListeners (/home/runner/work/cis-scheduler-team-19/cis-scheduler-team-19/node_modules/jsdom/lib/jsdom/living/events/EventTarget-impl.js:338:25)
          at invokeEventListeners (/home/runner/work/cis-scheduler-team-19/cis-scheduler-team-19/node_modules/jsdom/lib/jsdom/living/events/EventTarget-impl.js:274:3)
          at HTMLUnknownElementImpl._dispatch (/home/runner/work/cis-scheduler-team-19/cis-scheduler-team-19/node_modules/jsdom/lib/jsdom/living/events/EventTarget-impl.js:221:9)
          at HTMLUnknownElementImpl.dispatchEvent (/home/runner/work/cis-scheduler-team-19/cis-scheduler-team-19/node_modules/jsdom/lib/jsdom/living/events/EventTarget-impl.js:94:17)
          at HTMLUnknownElement.dispatchEvent (/home/runner/work/cis-scheduler-team-19/cis-scheduler-team-19/node_modules/jsdom/lib/jsdom/living/generated/EventTarget.js:231:34) undefined

      84 |         }
      85 |         if (year == "Choose your Academic Year") {
    > 86 |             alert("Please choose your Academic Year");
         |             ^
      87 |         } else {
      88 |             setSubmit(!submit);
      89 |         }

      at VirtualConsole.<anonymous> (node_modules/jsdom/lib/jsdom/virtual-console.js:29:45)
      at module.exports (node_modules/jsdom/lib/jsdom/browser/not-implemented.js:12:26)
      at alert (node_modules/jsdom/lib/jsdom/browser/Window.js:866:7)
      at startEditing (src/components/infoPage.tsx:86:13)
      at HTMLUnknownElement.callCallback (node_modules/react-dom/cjs/react-dom.development.js:3945:14)
      at HTMLUnknownElement.callTheUserObjectsOperation (node_modules/jsdom/lib/jsdom/living/generated/EventListener.js:26:30)
      at innerInvokeEventListeners (node_modules/jsdom/lib/jsdom/living/events/EventTarget-impl.js:338:25)

    console.error
      Error: Not implemented: window.alert
          at module.exports (/home/runner/work/cis-scheduler-team-19/cis-scheduler-team-19/node_modules/jsdom/lib/jsdom/browser/not-implemented.js:9:17)
          at alert (/home/runner/work/cis-scheduler-team-19/cis-scheduler-team-19/node_modules/jsdom/lib/jsdom/browser/Window.js:866:7)
          at Object.<anonymous> (/home/runner/work/cis-scheduler-team-19/cis-scheduler-team-19/src/components/infoPage.test.tsx:16:23)
          at Promise.then.completed (/home/runner/work/cis-scheduler-team-19/cis-scheduler-team-19/node_modules/jest-circus/build/utils.js:391:28)
          at new Promise (<anonymous>)
          at callAsyncCircusFn (/home/runner/work/cis-scheduler-team-19/cis-scheduler-team-19/node_modules/jest-circus/build/utils.js:316:10)
          at _callCircusTest (/home/runner/work/cis-scheduler-team-19/cis-scheduler-team-19/node_modules/jest-circus/build/run.js:218:40)
          at _runTest (/home/runner/work/cis-scheduler-team-19/cis-scheduler-team-19/node_modules/jest-circus/build/run.js:155:3)
          at _runTestsForDescribeBlock (/home/runner/work/cis-scheduler-team-19/cis-scheduler-team-19/node_modules/jest-circus/build/run.js:66:9)
          at _runTestsForDescribeBlock (/home/runner/work/cis-scheduler-team-19/cis-scheduler-team-19/node_modules/jest-circus/build/run.js:60:9) undefined

      14 |         userEvent.type(nameBox, "");
      15 |         confirm.click();
    > 16 |         expect(window.alert("Please enter your name"));
         |                       ^
      17 |         const select = screen.getByRole("combobox");
      18 |         userEvent.selectOptions(select, "Choose your Academic Year");
      19 |         confirm.click();

      at VirtualConsole.<anonymous> (node_modules/jsdom/lib/jsdom/virtual-console.js:29:45)
      at module.exports (node_modules/jsdom/lib/jsdom/browser/not-implemented.js:12:26)
      at alert (node_modules/jsdom/lib/jsdom/browser/Window.js:866:7)
      at Object.<anonymous> (src/components/infoPage.test.tsx:16:23)

    console.error
      Error: Not implemented: window.alert
          at module.exports (/home/runner/work/cis-scheduler-team-19/cis-scheduler-team-19/node_modules/jsdom/lib/jsdom/browser/not-implemented.js:9:17)
          at alert (/home/runner/work/cis-scheduler-team-19/cis-scheduler-team-19/node_modules/jsdom/lib/jsdom/browser/Window.js:866:7)
          at startEditing (/home/runner/work/cis-scheduler-team-19/cis-scheduler-team-19/src/components/infoPage.tsx:83:13)
          at HTMLUnknownElement.callCallback (/home/runner/work/cis-scheduler-team-19/cis-scheduler-team-19/node_modules/react-dom/cjs/react-dom.development.js:3945:14)
          at HTMLUnknownElement.callTheUserObjectsOperation (/home/runner/work/cis-scheduler-team-19/cis-scheduler-team-19/node_modules/jsdom/lib/jsdom/living/generated/EventListener.js:26:30)
          at innerInvokeEventListeners (/home/runner/work/cis-scheduler-team-19/cis-scheduler-team-19/node_modules/jsdom/lib/jsdom/living/events/EventTarget-impl.js:338:25)
          at invokeEventListeners (/home/runner/work/cis-scheduler-team-19/cis-scheduler-team-19/node_modules/jsdom/lib/jsdom/living/events/EventTarget-impl.js:274:3)
          at HTMLUnknownElementImpl._dispatch (/home/runner/work/cis-scheduler-team-19/cis-scheduler-team-19/node_modules/jsdom/lib/jsdom/living/events/EventTarget-impl.js:221:9)
          at HTMLUnknownElementImpl.dispatchEvent (/home/runner/work/cis-scheduler-team-19/cis-scheduler-team-19/node_modules/jsdom/lib/jsdom/living/events/EventTarget-impl.js:94:17)
          at HTMLUnknownElement.dispatchEvent (/home/runner/work/cis-scheduler-team-19/cis-scheduler-team-19/node_modules/jsdom/lib/jsdom/living/generated/EventTarget.js:231:34) undefined

      81 |     function startEditing() {
      82 |         if (name == "") {
    > 83 |             alert("Please enter your name");
         |             ^
      84 |         }
      85 |         if (year == "Choose your Academic Year") {
      86 |             alert("Please choose your Academic Year");

      at VirtualConsole.<anonymous> (node_modules/jsdom/lib/jsdom/virtual-console.js:29:45)
      at module.exports (node_modules/jsdom/lib/jsdom/browser/not-implemented.js:12:26)
      at alert (node_modules/jsdom/lib/jsdom/browser/Window.js:866:7)
      at startEditing (src/components/infoPage.tsx:83:13)
      at HTMLUnknownElement.callCallback (node_modules/react-dom/cjs/react-dom.development.js:3945:14)
      at HTMLUnknownElement.callTheUserObjectsOperation (node_modules/jsdom/lib/jsdom/living/generated/EventListener.js:26:30)
      at innerInvokeEventListeners (node_modules/jsdom/lib/jsdom/living/events/EventTarget-impl.js:338:25)

    console.error
      Error: Not implemented: window.alert
          at module.exports (/home/runner/work/cis-scheduler-team-19/cis-scheduler-team-19/node_modules/jsdom/lib/jsdom/browser/not-implemented.js:9:17)
          at alert (/home/runner/work/cis-scheduler-team-19/cis-scheduler-team-19/node_modules/jsdom/lib/jsdom/browser/Window.js:866:7)
          at startEditing (/home/runner/work/cis-scheduler-team-19/cis-scheduler-team-19/src/components/infoPage.tsx:86:13)
          at HTMLUnknownElement.callCallback (/home/runner/work/cis-scheduler-team-19/cis-scheduler-team-19/node_modules/react-dom/cjs/react-dom.development.js:3945:14)
          at HTMLUnknownElement.callTheUserObjectsOperation (/home/runner/work/cis-scheduler-team-19/cis-scheduler-team-19/node_modules/jsdom/lib/jsdom/living/generated/EventListener.js:26:30)
          at innerInvokeEventListeners (/home/runner/work/cis-scheduler-team-19/cis-scheduler-team-19/node_modules/jsdom/lib/jsdom/living/events/EventTarget-impl.js:338:25)
          at invokeEventListeners (/home/runner/work/cis-scheduler-team-19/cis-scheduler-team-19/node_modules/jsdom/lib/jsdom/living/events/EventTarget-impl.js:274:3)
          at HTMLUnknownElementImpl._dispatch (/home/runner/work/cis-scheduler-team-19/cis-scheduler-team-19/node_modules/jsdom/lib/jsdom/living/events/EventTarget-impl.js:221:9)
          at HTMLUnknownElementImpl.dispatchEvent (/home/runner/work/cis-scheduler-team-19/cis-scheduler-team-19/node_modules/jsdom/lib/jsdom/living/events/EventTarget-impl.js:94:17)
          at HTMLUnknownElement.dispatchEvent (/home/runner/work/cis-scheduler-team-19/cis-scheduler-team-19/node_modules/jsdom/lib/jsdom/living/generated/EventTarget.js:231:34) undefined

      84 |         }
      85 |         if (year == "Choose your Academic Year") {
    > 86 |             alert("Please choose your Academic Year");
         |             ^
      87 |         } else {
      88 |             setSubmit(!submit);
      89 |         }

      at VirtualConsole.<anonymous> (node_modules/jsdom/lib/jsdom/virtual-console.js:29:45)
      at module.exports (node_modules/jsdom/lib/jsdom/browser/not-implemented.js:12:26)
      at alert (node_modules/jsdom/lib/jsdom/browser/Window.js:866:7)
      at startEditing (src/components/infoPage.tsx:86:13)
      at HTMLUnknownElement.callCallback (node_modules/react-dom/cjs/react-dom.development.js:3945:14)
      at HTMLUnknownElement.callTheUserObjectsOperation (node_modules/jsdom/lib/jsdom/living/generated/EventListener.js:26:30)
      at innerInvokeEventListeners (node_modules/jsdom/lib/jsdom/living/events/EventTarget-impl.js:338:25)

    console.error
      Error: Not implemented: window.alert
          at module.exports (/home/runner/work/cis-scheduler-team-19/cis-scheduler-team-19/node_modules/jsdom/lib/jsdom/browser/not-implemented.js:9:17)
          at alert (/home/runner/work/cis-scheduler-team-19/cis-scheduler-team-19/node_modules/jsdom/lib/jsdom/browser/Window.js:866:7)
          at Object.<anonymous> (/home/runner/work/cis-scheduler-team-19/cis-scheduler-team-19/src/components/infoPage.test.tsx:20:23)
          at Promise.then.completed (/home/runner/work/cis-scheduler-team-19/cis-scheduler-team-19/node_modules/jest-circus/build/utils.js:391:28)
          at new Promise (<anonymous>)
          at callAsyncCircusFn (/home/runner/work/cis-scheduler-team-19/cis-scheduler-team-19/node_modules/jest-circus/build/utils.js:316:10)
          at _callCircusTest (/home/runner/work/cis-scheduler-team-19/cis-scheduler-team-19/node_modules/jest-circus/build/run.js:218:40)
          at _runTest (/home/runner/work/cis-scheduler-team-19/cis-scheduler-team-19/node_modules/jest-circus/build/run.js:155:3)
          at _runTestsForDescribeBlock (/home/runner/work/cis-scheduler-team-19/cis-scheduler-team-19/node_modules/jest-circus/build/run.js:66:9)
          at _runTestsForDescribeBlock (/home/runner/work/cis-scheduler-team-19/cis-scheduler-team-19/node_modules/jest-circus/build/run.js:60:9) undefined

      18 |         userEvent.selectOptions(select, "Choose your Academic Year");
      19 |         confirm.click();
    > 20 |         expect(window.alert("Please choose your Academic Year"));
         |                       ^
      21 |     });
      22 |
      23 |     test("Clearing the plan works", () => {

      at VirtualConsole.<anonymous> (node_modules/jsdom/lib/jsdom/virtual-console.js:29:45)
      at module.exports (node_modules/jsdom/lib/jsdom/browser/not-implemented.js:12:26)
      at alert (node_modules/jsdom/lib/jsdom/browser/Window.js:866:7)
      at Object.<anonymous> (src/components/infoPage.test.tsx:20:23)

    console.error
      Error: Expected key descriptor but found "" in ""
          See https://github.com/testing-library/user-event/blob/main/README.md#keyboardtext-options
          for more information about how userEvent parses your input.
          at assertDescriptor (/home/runner/work/cis-scheduler-team-19/cis-scheduler-team-19/node_modules/@testing-library/user-event/dist/keyboard/getNextKeyDef.js:140:11)
          at readPrintableChar (/home/runner/work/cis-scheduler-team-19/cis-scheduler-team-19/node_modules/@testing-library/user-event/dist/keyboard/getNextKeyDef.js:98:3)
          at readNextDescriptor (/home/runner/work/cis-scheduler-team-19/cis-scheduler-team-19/node_modules/@testing-library/user-event/dist/keyboard/getNextKeyDef.js:92:23)
          at getNextKeyDef (/home/runner/work/cis-scheduler-team-19/cis-scheduler-team-19/node_modules/@testing-library/user-event/dist/keyboard/getNextKeyDef.js:53:7)
          at keyboardImplementation (/home/runner/work/cis-scheduler-team-19/cis-scheduler-team-19/node_modules/@testing-library/user-event/dist/keyboard/keyboardImplementation.js:38:106)
          at keyboardImplementationWrapper (/home/runner/work/cis-scheduler-team-19/cis-scheduler-team-19/node_modules/@testing-library/user-event/dist/keyboard/index.js:55:65)
          at typeImplementation (/home/runner/work/cis-scheduler-team-19/cis-scheduler-team-19/node_modules/@testing-library/user-event/dist/type/typeImplementation.js:49:51)
          at Object.type (/home/runner/work/cis-scheduler-team-19/cis-scheduler-team-19/node_modules/@testing-library/user-event/dist/type/index.js:27:60)
          at Object.<anonymous> (/home/runner/work/cis-scheduler-team-19/cis-scheduler-team-19/src/components/infoPage.test.tsx:14:19)
          at Promise.then.completed (/home/runner/work/cis-scheduler-team-19/cis-scheduler-team-19/node_modules/jest-circus/build/utils.js:391:28)
          at new Promise (<anonymous>)
          at callAsyncCircusFn (/home/runner/work/cis-scheduler-team-19/cis-scheduler-team-19/node_modules/jest-circus/build/utils.js:316:10)
          at _callCircusTest (/home/runner/work/cis-scheduler-team-19/cis-scheduler-team-19/node_modules/jest-circus/build/run.js:218:40)
          at _runTest (/home/runner/work/cis-scheduler-team-19/cis-scheduler-team-19/node_modules/jest-circus/build/run.js:155:3)
          at _runTestsForDescribeBlock (/home/runner/work/cis-scheduler-team-19/cis-scheduler-team-19/node_modules/jest-circus/build/run.js:66:9)
          at _runTestsForDescribeBlock (/home/runner/work/cis-scheduler-team-19/cis-scheduler-team-19/node_modules/jest-circus/build/run.js:60:9)
          at run (/home/runner/work/cis-scheduler-team-19/cis-scheduler-team-19/node_modules/jest-circus/build/run.js:25:3)
          at runAndTransformResultsToJestFormat (/home/runner/work/cis-scheduler-team-19/cis-scheduler-team-19/node_modules/jest-circus/build/legacy-code-todo-rewrite/jestAdapterInit.js:170:21)
          at jestAdapter (/home/runner/work/cis-scheduler-team-19/cis-scheduler-team-19/node_modules/jest-circus/build/legacy-code-todo-rewrite/jestAdapter.js:82:19)
          at runTestInternal (/home/runner/work/cis-scheduler-team-19/cis-scheduler-team-19/node_modules/jest-runner/build/runTest.js:389:16)
          at runTest (/home/runner/work/cis-scheduler-team-19/cis-scheduler-team-19/node_modules/jest-runner/build/runTest.js:475:34)

  ● InputInfo Component tests › Clearing the plan works

    TypeError: Cannot read properties of undefined (reading 'click')

      24 |         const [, second, third, fourth, fifth, , clear] =
      25 |             screen.queryAllByRole("button");
    > 26 |         third.click();
         |               ^
      27 |         second.click();
      28 |         fifth.click();
      29 |         let currentPlan = screen.queryAllByRole("listitem");

      at Object.<anonymous> (src/components/infoPage.test.tsx:26:15)

FAIL src/App.test.tsx
  ● renders the course name somewhere

    TestingLibraryElementError: Unable to find an element with the text: /Welcome to the scheduler system made for CISC undergraduate students!/i. This could be because the text is broken up by multiple elements. In this case, you can provide a function for your text matcher to make your matcher more flexible.

    Ignored nodes: comments, <script />, <style />
    [36m<body>[39m
      [36m<div>[39m
        [36m<div[39m
          [33mclass[39m=[32m"App"[39m
        [36m>[39m
          [36m<header[39m
            [33mclass[39m=[32m"App-header"[39m
          [36m/>[39m
          [36m<div>[39m
            [36m<div[39m
              [33mclass[39m=[32m"row"[39m
            [36m>[39m
              [36m<label[39m
                [33mclass[39m=[32m"form-label col-form-label col-sm-2"[39m
                [33mfor[39m=[32m"FormName"[39m
              [36m>[39m
                [0mYour Name:[0m
              [36m</label>[39m
              [36m<div[39m
                [33mclass[39m=[32m"col"[39m
              [36m>[39m
                [36m<input[39m
                  [33mclass[39m=[32m"form-control"[39m
                  [33mid[39m=[32m"FormName"[39m
                  [33mplaceholder[39m=[32m"Enter your Name"[39m
                  [33mstyle[39m=[32m"padding: 6px;"[39m
                  [33mvalue[39m=[32m""[39m
                [36m/>[39m
              [36m</div>[39m
            [36m</div>[39m
            [36m<div[39m
              [33mclass[39m=[32m"row"[39m
            [36m>[39m
              [36m<label[39m
                [33mclass[39m=[32m"form-label col-form-label col-sm-2"[39m
                [33mfor[39m=[32m"FormYear"[39m
              [36m>[39m
                [0mAcademic Year:[0m
              [36m</label>[39m
              [36m<div[39m
                [33mclass[39m=[32m"col"[39m
              [36m>[39m
                [36m<select[39m
                  [33mclass[39m=[32m"form-select"[39m
                  [33mid[39m=[32m"FormYear"[39m
                  [33mstyle[39m=[32m"padding: 6px;"[39m
                [36m>[39m
                  [36m<option[39m
                    [33mvalue[39m=[32m"Choose your Academic Year"[39m
                  [36m>[39m
                    [0mChoose your Academic Year[0m
                  [36m</option>[39m
                  [36m<option[39m
                    [33mvalue[39m=[32m"Freshman"[39m
                  [36m>[39m
                    [0mFreshman[0m
                  [36m</option>[39m
                  [36m<option[39m
                    [33mvalue[39m=[32m"Sophomore"[39m
                  [36m>[39m
                    [0mSophomore[0m
                  [36m</option>[39m
                  [36m<option[39m
                    [33mvalue[39m=[32m"Junior"[39m
                  [36m>[39m
                    [0mJunior[0m
                  [36m</option>[39m
                  [36m<option[39m
                    [33mvalue[39m=[32m"Senior"[39m
                  [36m>[39m
                    [0mSenior[0m
                  [36m</option>[39m
                [36m</select>[39m
              [36m</div>[39m
            [36m</div>[39m
            [36m<div>[39m
              [36m<button[39m
                [33mclass[39m=[32m"m-4 btn btn-primary"[39m
                [33mtype[39m=[32m"button"[39m
              [36m>[39m
                [0mConfirm[0m
              [36m</button>[39m
            [36m</div>[39m
          [36m</div>[39m
        [36m</div>[39m
      [36m</div>[39m
    [36m</body>[39m

       6 | test("renders the course name somewhere", () => {
       7 |     render(<App />);
    >  8 |     const linkElement = screen.getByText(
         |                                ^
       9 |         /Welcome to the scheduler system made for CISC undergraduate students!/i
      10 |     );
      11 |     expect(linkElement).toBeInTheDocument();

      at Object.getElementError (node_modules/@testing-library/dom/dist/config.js:38:19)
      at node_modules/@testing-library/dom/dist/query-helpers.js:90:38
      at node_modules/@testing-library/dom/dist/query-helpers.js:62:17
      at getByText (node_modules/@testing-library/dom/dist/query-helpers.js:111:19)
      at Object.<anonymous> (src/App.test.tsx:8:32)
      at TestScheduler.scheduleTests (node_modules/@jest/core/build/TestScheduler.js:333:13)
      at runJest (node_modules/@jest/core/build/runJest.js:404:19)
      at _run10000 (node_modules/@jest/core/build/cli/index.js:320:7)
      at runCLI (node_modules/@jest/core/build/cli/index.js:173:3)

-----------------------|---------|----------|---------|---------|-------------------------
File                   | % Stmts | % Branch | % Funcs | % Lines | Uncovered Line #s       
-----------------------|---------|----------|---------|---------|-------------------------
All files              |   16.23 |     12.5 |    8.57 |   17.22 |                         
 src                   |     100 |      100 |     100 |     100 |                         
  App.tsx              |     100 |      100 |     100 |     100 |                         
 src/components        |   15.78 |     12.5 |    7.69 |   16.75 |                         
  courseAddModal.tsx   |       0 |      100 |       0 |       0 | 14-105                  
  courseEditor.tsx     |       0 |      100 |       0 |       0 | 16-154                  
  courseList.tsx       |       0 |      100 |       0 |       0 | 16-33                   
  coursePool.tsx       |    9.09 |        0 |    8.33 |      10 | 14-96                   
  infoPage.tsx         |   58.33 |    33.33 |      35 |   62.22 | 57,74,88,94-122,129,222 
  planAddModal.tsx     |       0 |      100 |       0 |       0 | 14-41                   
  planEditor.tsx       |       0 |      100 |       0 |       0 | 16-55                   
  planList.tsx         |       0 |      100 |       0 |       0 | 15-18                   
  planView.tsx         |       0 |        0 |       0 |       0 | 19-121                  
  semesterAddModal.tsx |       0 |      100 |       0 |       0 | 14-71                   
  semesterEditor.tsx   |       0 |      100 |       0 |       0 | 18-75                   
  semesterList.tsx     |       0 |      100 |       0 |       0 | 15-20                   
  semesterView.tsx     |       0 |        0 |       0 |       0 | 18-134                  
 src/interfaces        |       0 |        0 |       0 |       0 |                         
  course.ts            |       0 |        0 |       0 |       0 |                         
  plan.ts              |       0 |        0 |       0 |       0 |                         
  semester.ts          |       0 |        0 |       0 |       0 |                         
-----------------------|---------|----------|---------|---------|-------------------------
Test Suites: 2 failed, 2 total
Tests:       2 failed, 3 passed, 5 total
Snapshots:   0 total
Time:        3.864 s
Ran all test suites.
